 Begin CmpMap  # Compound Mapping
    Nin = 2  # Number of input coordinates
 IsA Mapping  # Mapping between coordinate systems
    InvA = 1  # First Mapping used in inverse direction
    MapA =  # First component Mapping
       Begin CmpMap  # Compound Mapping
          Nin = 2  # Number of input coordinates
          Invert = 1  # Mapping inverted
       IsA Mapping  # Mapping between coordinate systems
          MapA =  # First component Mapping
             Begin ShiftMap  # Shift each coordinate axis
                Nin = 2  # Number of input coordinates
             IsA Mapping  # Mapping between coordinate systems
                Sft1 = -0.5  # Shift for axis 1
                Sft2 = 1.2  # Shift for axis 2
             End ShiftMap
          MapB =  # Second component Mapping
             Begin ZoomMap  # Zoom about the origin
                Nin = 2  # Number of input coordinates
             IsA Mapping  # Mapping between coordinate systems
                Zoom = 1.3  # Zoom factor
             End ZoomMap
       End CmpMap
    MapB =  # Second component Mapping
       Begin CmpMap  # Compound Mapping
          Nin = 2  # Number of input coordinates
       IsA Mapping  # Mapping between coordinate systems
          MapA =  # First component Mapping
             Begin ShiftMap  # Shift each coordinate axis
                Nin = 2  # Number of input coordinates
             IsA Mapping  # Mapping between coordinate systems
                Sft1 = -0.5  # Shift for axis 1
                Sft2 = 1.2  # Shift for axis 2
             End ShiftMap
          MapB =  # Second component Mapping
             Begin ZoomMap  # Zoom about the origin
                Nin = 2  # Number of input coordinates
             IsA Mapping  # Mapping between coordinate systems
                Zoom = 1.3  # Zoom factor
             End ZoomMap
       End CmpMap
 End CmpMap
